[[0;34m----[0m] [0;1mdescription.cc[0m:[0;31m4[0m: Assertion failed: The expression 0 is false.
[[0;31mFAIL[0m] misc::failing: (0.00s)
[[0;34m====[0m] [0;1mSynthesis: Tested: [0;34m1[0;1m | Passing: [0;32m0[0;1m | Failing: [0;31m1[0;1m | Crashing: [0;31m0[0;1m [0m
