[[0;34m====[0m] [0;1mSynthesis: Tested: [0;34m1[0;1m | Passing: [0;32m1[0;1m | Failing: [0;31m0[0;1m | Crashing: [0;31m0[0;1m [0m
