criterion_init
testing test in category sample
Asserts: [1 passed, 1 failed, 2 total]
criterion_fini
