[[0;34m----[0m] [0;1mWarning! The test `exit::unexpected_exit` exited during its setup or teardown.[0m
[[0;34m----[0m] [0;1mWarning! The test `exit_with_fixtures::fini_exits` exited during its setup or teardown.[0m
[[0;34m----[0m] [0;1mWarning! The test `exit_with_fixtures::init_exits` exited during its setup or teardown.[0m
[[0;34m====[0m] [0;1mSynthesis: Tested: [0;34m5[0;1m | Passing: [0;32m3[0;1m | Failing: [0;31m2[0;1m | Crashing: [0;31m2[0;1m [0m
